src/lib/bridgeConfig.ts(42,9): error TS2739: Type '{ host: string; port: number; health_endpoint: string; metrics_endpoint: string; name: string; status: "unknown"; }' is missing the following properties from type 'BridgeConfig': api, websocket, features
src/lib/bridgeConfig.ts(50,9): error TS2739: Type '{ host: string; port: number; health_endpoint: string; metrics_endpoint: string; name: string; status: "unknown"; }' is missing the following properties from type 'BridgeConfig': api, websocket, features
src/lib/bridgeConfig.ts(58,9): error TS2739: Type '{ host: string; port: number; health_endpoint: string; metrics_endpoint: string; name: string; status: "unknown"; }' is missing the following properties from type 'BridgeConfig': api, websocket, features
src/lib/cognitive/cognitiveEngine_phase3.ts(6,3): error TS2304: Cannot find name 'cognitiveEngine'.
src/lib/cognitive/index_phase3.ts(11,8): error TS2305: Module '"./cognitiveState"' has no exported member 'LoopRecord'.
src/lib/cognitive/index_phase3.ts(57,3): error TS2305: Module '"./memoryMetrics"' has no exported member 'MemoryMetricsMonitor'.
src/lib/cognitive/index_phase3.ts(74,11): error TS2304: Cannot find name 'cognitiveEngine'.
src/lib/cognitive/index_phase3.ts(75,10): error TS2304: Cannot find name 'cognitiveState'.
src/lib/cognitive/index_phase3.ts(76,18): error TS2304: Cannot find name 'contradictionMonitor'.
src/lib/cognitive/index_phase3.ts(77,10): error TS2304: Cannot find name 'phaseController'.
src/lib/cognitive/index_phase3.ts(78,12): error TS2304: Cannot find name 'closureGuard'.
src/lib/cognitive/index_phase3.ts(79,11): error TS2304: Cannot find name 'braidMemory'.
src/lib/cognitive/index_phase3.ts(80,12): error TS2304: Cannot find name 'memoryMetrics'.
src/lib/cognitive/index_phase3.ts(81,12): error TS2304: Cannot find name 'paradoxAnalyzer'.
src/lib/cognitive/index_phase3.ts(130,3): error TS2304: Cannot find name 'memoryMetrics'.
src/lib/cognitive/index_phase3.ts(156,3): error TS2304: Cannot find name 'paradoxAnalyzer'.
src/lib/cognitive/index_phase3.ts(281,9): error TS2304: Cannot find name 'braidMemory'.
src/lib/cognitive/index_phase3.ts(281,24): error TS2304: Cannot find name 'memoryMetrics'.
src/lib/cognitive/index_phase3.ts(282,26): error TS2304: Cannot find name 'braidMemory'.
src/lib/cognitive/index_phase3.ts(283,23): error TS2304: Cannot find name 'memoryMetrics'.
src/lib/cognitive/index_phase3.ts(284,22): error TS2304: Cannot find name 'memoryMetrics'.
src/lib/cognitive/index_phase3.ts(285,28): error TS2304: Cannot find name 'paradoxAnalyzer'.
src/lib/cognitive/index_phase3.ts(323,22): error TS2304: Cannot find name 'braidMemory'.
src/lib/cognitive/index_phase3.ts(323,36): error TS2304: Cannot find name 'braidMemory'.
src/lib/cognitive/index_phase3.ts(324,19): error TS2304: Cannot find name 'memoryMetrics'.
src/lib/cognitive/index_phase3.ts(324,35): error TS2304: Cannot find name 'memoryMetrics'.
src/lib/cognitive/index_phase3.ts(325,18): error TS2304: Cannot find name 'memoryMetrics'.
src/lib/cognitive/index_phase3.ts(325,34): error TS2304: Cannot find name 'memoryMetrics'.
src/lib/cognitive/index_phase3.ts(326,24): error TS2304: Cannot find name 'paradoxAnalyzer'.
src/lib/cognitive/index_phase3.ts(326,42): error TS2304: Cannot find name 'paradoxAnalyzer'.
src/lib/cognitive/index_phase3.ts(327,29): error TS2304: Cannot find name 'cognitiveEngine'.
src/lib/cognitive/index_phase3.ts(327,47): error TS2304: Cannot find name 'cognitiveEngine'.
src/lib/cognitive/index_phase3.ts(350,4): error TS2304: Cannot find name 'AssociatorResult'.
src/lib/cognitive/index_phase3.ts(352,12): error TS2304: Cannot find name 'paradoxAnalyzer'.
src/lib/cognitive/index_phase3.ts(363,11): error TS2304: Cannot find name 'MemoryHealth'.
src/lib/cognitive/index_phase3.ts(367,18): error TS2304: Cannot find name 'memoryMetrics'.
src/lib/cognitive/index_phase3.ts(368,19): error TS2304: Cannot find name 'memoryMetrics'.
src/lib/cognitive/index_phase3.ts(373,18): error TS2304: Cannot find name 'MemoryHealth'.
src/lib/cognitive/index_phase3.ts(373,54): error TS2304: Cannot find name 'MemoryHealth'.
src/lib/cognitive/index_phase3.ts(393,23): error TS2304: Cannot find name 'cognitiveEngine'.
src/lib/cognitive/index_phase3.ts(394,24): error TS2304: Cannot find name 'braidMemory'.
src/lib/cognitive/index_phase3.ts(395,26): error TS2304: Cannot find name 'memoryMetrics'.
src/lib/cognitive/index_phase3.ts(396,21): error TS2304: Cannot find name 'paradoxAnalyzer'.
src/lib/cognitive/index_phase3.ts(413,19): error TS2304: Cannot find name 'braidMemory'.
src/lib/cognitive/paradoxAnalyzer.ts(2,10): error TS1484: 'LoopRecord' is a type and must be imported using a type-only import when 'verbatimModuleSyntax' is enabled.
src/lib/elfin/commands/ghost.ts(61,7): error TS2739: Type '{ type: "ghost"; raw: string; params: GhostCommand; timestamp: Date; }' is missing the following properties from type 'ElfinCommand': name, execute
src/lib/elfin/commands/ghost.ts(71,7): error TS2739: Type '{ type: "ghost"; raw: string; params: GhostCommand; timestamp: Date; }' is missing the following properties from type 'ElfinCommand': name, execute
src/lib/elfin/commands/ghost.ts(86,23): error TS2322: Type 'string' is not assignable to type '"focus" | "project" | "search" | "emerge" | "morph" | "dismiss"'.
src/lib/elfin/commands/ghost.ts(122,5): error TS2740: Type '{}' is missing the following properties from type 'any[]': length, pop, push, concat, and 35 more.
src/lib/elfin/commands/ghost.ts(165,7): error TS2353: Object literal may only specify known properties, and 'timestamp' does not exist in type 'GhostTrigger'.
src/lib/elfin/commands/ghost.ts(374,7): error TS2740: Type '{}' is missing the following properties from type 'any[]': length, pop, push, concat, and 35 more.
src/lib/elfin/commands/ghost.ts(396,33): error TS2339: Property 'activePersona' does not exist on type 'unknown'.
src/lib/elfin/commands/ghost.ts(404,29): error TS2339: Property 'activePersona' does not exist on type 'unknown'.
src/lib/elfin/commands/project.ts(21,7): error TS2739: Type '{ type: "project"; raw: string; params: ProjectionCommand; timestamp: Date; }' is missing the following properties from type 'ElfinCommand': name, execute
src/lib/elfin/commands/project.ts(31,7): error TS2739: Type '{ type: "project"; raw: string; params: ProjectionCommand; timestamp: Date; }' is missing the following properties from type 'ElfinCommand': name, execute
src/lib/elfin/commands/project.ts(161,16): error TS2345: Argument of type '{ id: string; label: string; position: { x: number; y: number; z: number; }; wavelength: number; intensity: number; connections: undefined[]; entangled: boolean; stability: number; conceptType: string; }' is not assignable to parameter of type 'string'.
src/lib/elfin/commands/vault.ts(51,7): error TS2739: Type '{ type: "vault"; raw: string; params: VaultCommand; timestamp: Date; }' is missing the following properties from type 'ElfinCommand': name, execute
src/lib/elfin/commands/vault.ts(61,7): error TS2739: Type '{ type: "vault"; raw: string; params: VaultCommand; timestamp: Date; }' is missing the following properties from type 'ElfinCommand': name, execute
src/lib/elfin/scriptEngine.ts(108,28): error TS2339: Property 'papersRead' does not exist on type 'GhostPersonaState'.
src/lib/elfin/scripts/onConceptChange.ts(38,33): error TS2345: Argument of type '{ name: string; strength: any; type: any; }[]' is not assignable to parameter of type 'string[]'.
  Type '{ name: string; strength: any; type: any; }' is not assignable to type 'string'.
src/lib/elfin/scripts/onUpload.ts(69,31): error TS2339: Property 'text' does not exist on type '{ concepts: any[]; summary?: string; processingTime?: number; }'.
src/lib/elfin/types.ts(228,3): error TS2484: Export declaration conflicts with exported declaration of 'ElfinCommand'.
src/lib/elfin/types.ts(229,3): error TS2484: Export declaration conflicts with exported declaration of 'ElfinContext'.
src/lib/elfin/types.ts(230,3): error TS2484: Export declaration conflicts with exported declaration of 'ElfinResult'.
src/lib/elfin/types.ts(231,3): error TS2484: Export declaration conflicts with exported declaration of 'SystemState'.
src/lib/elfin/types.ts(232,3): error TS2484: Export declaration conflicts with exported declaration of 'ToriEvent'.
src/lib/elfin/types.ts(233,3): error TS2484: Export declaration conflicts with exported declaration of 'ElfinVariable'.
src/lib/personas/enola.ts(110,3): error TS2353: Object literal may only specify known properties, and 'voice' does not exist in type 'GhostPersona'.
src/lib/services/ghostMemoryAnalytics.ts(316,25): error TS2769: No overload matches this call.
  Overload 1 of 4, '(iterable: Iterable<PersonaPrediction> | ArrayLike<PersonaPrediction>): PersonaPrediction[]', gave the following error.
    Argument of type 'PersonaPrediction' is not assignable to parameter of type 'Iterable<PersonaPrediction> | ArrayLike<PersonaPrediction>'.
  Overload 2 of 4, '(arrayLike: ArrayLike<PersonaPrediction>): PersonaPrediction[]', gave the following error.
    Argument of type 'PersonaPrediction' is not assignable to parameter of type 'ArrayLike<PersonaPrediction>'.
      Property 'length' is missing in type 'PersonaPrediction' but required in type 'ArrayLike<PersonaPrediction>'.
src/lib/services/ghostMemoryAnalytics.ts(379,40): error TS2345: Argument of type '{ persona: string; probability: number; confidence: number; triggerFactors: { phaseAlignment: number; userFrustration: any; conceptualComplexity: number; temporalPattern: number; }; optimalInterventionWindow: number; }[]' is not assignable to parameter of type 'PersonaPrediction'.
  Type '{ persona: string; probability: number; confidence: number; triggerFactors: { phaseAlignment: number; userFrustration: any; conceptualComplexity: number; temporalPattern: number; }; optimalInterventionWindow: number; }[]' is missing the following properties from type 'PersonaPrediction': persona, probability, confidence, triggerFactors, optimalInterventionWindow
src/lib/services/masterIntegrationHub.ts(12,23): error TS2305: Module '"$lib/stores/conceptMesh"' has no exported member 'systemCoherence'.
src/lib/services/masterIntegrationHub.ts(184,11): error TS2365: Operator '>' cannot be applied to types 'unknown' and 'number'.
src/lib/services/masterIntegrationHub.ts(394,7): error TS2322: Type 'unknown' is not assignable to type 'number'.
src/lib/services/masterIntegrationHub.ts(538,11): error TS2393: Duplicate function implementation.
src/lib/services/masterIntegrationHub.ts(652,10): error TS2393: Duplicate function implementation.
src/lib/services/masterIntegrationHub.ts(703,24): error TS2363: The right-hand side of an arithmetic operation must be of type 'any', 'number', 'bigint' or an enum type.
src/lib/services/masterIntegrationHub.ts(869,21): error TS2341: Property 'getSystemHealth' is private and only accessible within class 'MasterIntegrationHub'.
src/lib/services/PersonaEmergenceEngine.ts(16,10): error TS1484: 'GhostPersonaState' is a type and must be imported using a type-only import when 'verbatimModuleSyntax' is enabled.
src/lib/services/PersonaEmergenceEngine.ts(16,29): error TS2305: Module '"$lib/stores/ghostPersona"' has no exported member 'GhostPersonaDefinition'.
src/lib/services/PersonaEmergenceEngine.ts(17,55): error TS2307: Cannot find module '$lib/personas/registry' or its corresponding type declarations.
src/lib/services/PersonaEmergenceEngine.ts(171,36): error TS2339: Property 'epsilon' does not exist on type 'GhostPersonaState'.
src/lib/services/PersonaEmergenceEngine.ts(175,24): error TS2339: Property 'epsilon' does not exist on type 'GhostPersonaState'.
src/lib/services/PersonaEmergenceEngine.ts(206,18): error TS2339: Property 'epsilon' does not exist on type 'GhostPersonaState'.
src/lib/services/PersonaEmergenceEngine.ts(206,57): error TS2339: Property 'epsilon' does not exist on type 'GhostPersonaState'.
src/lib/services/PersonaEmergenceEngine.ts(209,28): error TS2339: Property 'epsilon' does not exist on type 'GhostPersonaState'.
src/lib/services/PersonaEmergenceEngine.ts(210,28): error TS2339: Property 'epsilon' does not exist on type 'GhostPersonaState'.
src/lib/services/PersonaEmergenceEngine.ts(211,28): error TS2339: Property 'epsilon' does not exist on type 'GhostPersonaState'.
src/lib/services/PersonaEmergenceEngine.ts(216,16): error TS2339: Property 'epsilon' does not exist on type 'GhostPersonaState'.
src/lib/services/PersonaEmergenceEngine.ts(258,7): error TS2353: Object literal may only specify known properties, and 'epsilon' does not exist in type 'GhostPersonaState'.
src/lib/services/PersonaEmergenceEngine.ts(297,7): error TS2353: Object literal may only specify known properties, and 'epsilon' does not exist in type 'GhostPersonaState'.
src/lib/services/PersonaEmergenceEngine.ts(316,26): error TS2339: Property 'psi' does not exist on type 'GhostPersonaState'.
src/lib/services/PersonaEmergenceEngine.ts(318,26): error TS2339: Property 'psi' does not exist on type 'GhostPersonaState'.
src/lib/services/PersonaEmergenceEngine.ts(320,26): error TS2339: Property 'psi' does not exist on type 'GhostPersonaState'.
src/lib/services/PersonaEmergenceEngine.ts(337,26): error TS2339: Property 'epsilon' does not exist on type 'GhostPersonaState'.
src/lib/services/PersonaEmergenceEngine.ts(343,26): error TS2339: Property 'tau' does not exist on type 'GhostPersonaState'.
src/lib/services/PersonaEmergenceEngine.ts(354,20): error TS2339: Property 'avatar' does not exist on type 'GhostPersonaState'.
src/lib/services/PersonaEmergenceEngine.ts(360,20): error TS2339: Property 'epsilon' does not exist on type 'GhostPersonaState'.
src/lib/services/PersonaEmergenceEngine.ts(361,20): error TS2339: Property 'psi' does not exist on type 'GhostPersonaState'.
src/lib/services/PersonaEmergenceEngine.ts(363,20): error TS2339: Property 'epsilon' does not exist on type 'GhostPersonaState'.
src/lib/services/PersonaEmergenceEngine.ts(364,20): error TS2339: Property 'psi' does not exist on type 'GhostPersonaState'.
src/lib/services/PersonaEmergenceEngine.ts(373,42): error TS2339: Property 'conversationLength' does not exist on type 'GhostPersonaState'.
src/lib/services/PersonaEmergenceEngine.ts(373,82): error TS2339: Property 'conversationLength' does not exist on type 'GhostPersonaState'.
src/lib/services/PersonaEmergenceEngine.ts(377,48): error TS2353: Object literal may only specify known properties, and 'time' does not exist in type '{ stability: number; timestamp: Date; ghost: string; }'.
src/lib/services/PersonaEmergenceEngine.ts(383,18): error TS2339: Property 'epsilon' does not exist on type 'GhostPersonaState'.
src/lib/services/PersonaEmergenceEngine.ts(384,42): error TS2339: Property 'epsilon' does not exist on type 'GhostPersonaState'.
src/lib/services/PersonaEmergenceEngine.ts(393,13): error TS2339: Property 'primaryColor' does not exist on type 'GhostPersonaState'.
src/lib/services/PersonaEmergenceEngine.ts(393,48): error TS2339: Property 'psi' does not exist on type 'GhostPersonaState'.
src/lib/services/PersonaEmergenceEngine.ts(396,15): error TS2339: Property 'secondaryColor' does not exist on type 'GhostPersonaState'.
src/lib/services/PersonaEmergenceEngine.ts(398,15): error TS2339: Property 'secondaryColor' does not exist on type 'GhostPersonaState'.
src/lib/services/PersonaEmergenceEngine.ts(400,15): error TS2339: Property 'secondaryColor' does not exist on type 'GhostPersonaState'.
src/lib/services/PersonaEmergenceEngine.ts(402,15): error TS2339: Property 'secondaryColor' does not exist on type 'GhostPersonaState'.
src/lib/services/toriStorage.ts(367,15): error TS2304: Cannot find name 'StorageConfig'.
src/lib/stores/conceptMesh.ts(918,20): error TS2341: Property 'conceptNodes' is private and only accessible within class 'ConceptMeshStore'.
src/lib/stores/ghostPersonaImageExtension.ts(16,43): error TS2304: Cannot find name 'GhostPersona'.
src/lib/stores/ghostPersonaImageExtension.ts(24,18): error TS2339: Property 'name' does not exist on type 'GhostPersonaExtended'.
src/lib/stores/ghostPersonaImageExtension.ts(54,18): error TS2339: Property 'name' does not exist on type 'GhostPersonaExtended'.
src/lib/stores/ghostPersonaImageExtension.ts(229,38): error TS2554: Expected 0 arguments, but got 1.
src/lib/stores/ghostPersonaImageExtension.ts(230,39): error TS2554: Expected 0 arguments, but got 1.
src/lib/stores/ghostPersonaImageExtension.ts(231,40): error TS2554: Expected 0 arguments, but got 1.
src/lib/stores/ghostPersonaImageExtension.ts(232,41): error TS2554: Expected 0 arguments, but got 1.
src/lib/stores/ghostPersonaImageExtension.ts(233,39): error TS2554: Expected 0 arguments, but got 1.
src/lib/stores/index.ts(8,10): error TS2300: Duplicate identifier 'ghostState'.
src/lib/stores/index.ts(8,10): error TS2305: Module '"./ghostPersona"' has no exported member 'ghostState'.
src/lib/stores/index.ts(8,22): error TS2300: Duplicate identifier 'activeAgents'.
src/lib/stores/index.ts(8,22): error TS2305: Module '"./ghostPersona"' has no exported member 'activeAgents'.
src/lib/stores/index.ts(8,36): error TS2300: Duplicate identifier 'conversationLog'.
src/lib/stores/index.ts(8,36): error TS2305: Module '"./ghostPersona"' has no exported member 'conversationLog'.
src/lib/stores/index.ts(9,10): error TS2300: Duplicate identifier 'vaultEntries'.
src/lib/stores/index.ts(9,10): error TS2305: Module '"./ghostPersona"' has no exported member 'vaultEntries'.
src/lib/stores/index.ts(9,24): error TS2300: Duplicate identifier 'sealedArcs'.
src/lib/stores/index.ts(9,24): error TS2305: Module '"./ghostPersona"' has no exported member 'sealedArcs'.
src/lib/stores/index.ts(10,10): error TS2300: Duplicate identifier 'activateConcept'.
src/lib/stores/index.ts(10,10): error TS2724: '"./conceptMesh"' has no exported member named 'activateConcept'. Did you mean 'setActiveConcept'?
src/lib/stores/index.ts(10,27): error TS2300: Duplicate identifier 'focusConcept'.
src/lib/stores/index.ts(10,27): error TS2305: Module '"./conceptMesh"' has no exported member 'focusConcept'.
src/lib/stores/index.ts(10,41): error TS2300: Duplicate identifier 'linkConcepts'.
src/lib/stores/index.ts(10,41): error TS2724: '"./conceptMesh"' has no exported member named 'linkConcepts'. Did you mean 'concepts'?
src/lib/stores/index.ts(10,55): error TS2300: Duplicate identifier 'addConcept'.
src/lib/stores/index.ts(18,1): error TS2308: Module './conceptMesh' has already exported a member named 'ConceptDiff'. Consider explicitly re-exporting to resolve the ambiguity.
src/lib/stores/index.ts(18,1): error TS2308: Module './conceptMesh' has already exported a member named 'ConceptNode'. Consider explicitly re-exporting to resolve the ambiguity.
src/lib/stores/index.ts(22,3): error TS2300: Duplicate identifier 'ghostState'.
src/lib/stores/index.ts(22,3): error TS2305: Module '"./ghostPersona"' has no exported member 'ghostState'.
src/lib/stores/index.ts(23,3): error TS2300: Duplicate identifier 'activeAgents'.
src/lib/stores/index.ts(23,3): error TS2305: Module '"./ghostPersona"' has no exported member 'activeAgents'.
src/lib/stores/index.ts(24,3): error TS2300: Duplicate identifier 'conversationLog'.
src/lib/stores/index.ts(24,3): error TS2305: Module '"./ghostPersona"' has no exported member 'conversationLog'.
src/lib/stores/index.ts(25,3): error TS2300: Duplicate identifier 'vaultEntries'.
src/lib/stores/index.ts(25,3): error TS2305: Module '"./ghostPersona"' has no exported member 'vaultEntries'.
src/lib/stores/index.ts(26,3): error TS2300: Duplicate identifier 'sealedArcs'.
src/lib/stores/index.ts(26,3): error TS2305: Module '"./ghostPersona"' has no exported member 'sealedArcs'.
src/lib/stores/index.ts(30,3): error TS2300: Duplicate identifier 'activateConcept'.
src/lib/stores/index.ts(30,3): error TS2724: '"./conceptMesh"' has no exported member named 'activateConcept'. Did you mean 'setActiveConcept'?
src/lib/stores/index.ts(31,3): error TS2300: Duplicate identifier 'focusConcept'.
src/lib/stores/index.ts(31,3): error TS2305: Module '"./conceptMesh"' has no exported member 'focusConcept'.
src/lib/stores/index.ts(32,3): error TS2300: Duplicate identifier 'linkConcepts'.
src/lib/stores/index.ts(32,3): error TS2724: '"./conceptMesh"' has no exported member named 'linkConcepts'. Did you mean 'concepts'?
src/lib/stores/index.ts(33,3): error TS2300: Duplicate identifier 'addConcept'.
src/lib/stores/index.ts(38,23): error TS2305: Module '"./conceptMesh"' has no exported member 'systemCoherence'.
src/lib/stores/multiTenantConceptMesh.ts(708,5): error TS2322: Type 'unknown[]' is not assignable to type 'string[]'.
  Type 'unknown' is not assignable to type 'string'.
src/lib/stores/persistence.ts(68,17): error TS2339: Property 'set' does not exist on type 'Readable<ConceptDiff[]>'.
src/lib/stores/persistence.ts(117,16): error TS2339: Property 'set' does not exist on type 'Readable<Map<string, ConceptNode>>'.
src/lib/stores/session.ts(77,24): error TS2339: Property 'update' does not exist on type '{ subscribe: (this: void, run: Subscriber<string>, invalidate?: Invalidator<string>) => Unsubscriber; set: (value: string) => void; clear: () => void; }'.
src/lib/stores/toriStorage.ts(57,17): error TS2322: Type 'Map<unknown, unknown>' is not assignable to type 'Map<string, any>'.
  Type 'unknown' is not assignable to type 'string'.
src/lib/stores/toriStorage.ts(58,17): error TS2322: Type 'Map<unknown, unknown>' is not assignable to type 'Map<string, any>'.
  Type 'unknown' is not assignable to type 'string'.
src/lib/stores/types.ts(236,3): error TS2693: 'ConceptDiff' only refers to a type, but is being used as a value here.
src/lib/stores/types.ts(237,3): error TS2693: 'SystemState' only refers to a type, but is being used as a value here.
src/lib/stores/types.ts(238,3): error TS2693: 'ConceptNode' only refers to a type, but is being used as a value here.
src/lib/stores/types.ts(239,3): error TS2693: 'EnhancedConcept' only refers to a type, but is being used as a value here.
src/lib/stores/types.ts(240,3): error TS2693: 'CoherenceMetrics' only refers to a type, but is being used as a value here.
src/lib/stores/types.ts(241,3): error TS2693: 'EntropyMetrics' only refers to a type, but is being used as a value here.
src/lib/stores/types.ts(242,3): error TS2693: 'ConceptMeshEvent' only refers to a type, but is being used as a value here.
src/lib/stores/types.ts(243,3): error TS2693: 'ConceptMeshStorage' only refers to a type, but is being used as a value here.
src/lib/stores/types.ts(244,3): error TS2693: 'NetworkStats' only refers to a type, but is being used as a value here.
src/lib/stores/types.ts(245,3): error TS2693: 'GhostInteraction' only refers to a type, but is being used as a value here.
src/lib/stores/types.ts(246,3): error TS2693: 'ThoughtspaceState' only refers to a type, but is being used as a value here.
src/lib/stores/types.ts(248,3): error TS2693: 'ConceptMeshConfig' only refers to a type, but is being used as a value here.
src/routes/api/chat/export-all/+server.ts(11,31): error TS2339: Property 'id' does not exist on type '{ name: string; role: "user" | "admin"; token?: string; }'.
src/routes/api/chat/history/+server.ts(11,31): error TS2339: Property 'id' does not exist on type '{ name: string; role: "user" | "admin"; token?: string; }'.
src/routes/api/memory/state/+server.ts(11,31): error TS2339: Property 'id' does not exist on type '{ name: string; role: "user" | "admin"; token?: string; }'.
src/routes/api/pdf/stats/+server.ts(11,31): error TS2339: Property 'id' does not exist on type '{ name: string; role: "user" | "admin"; token?: string; }'.
src/routes/api/soliton/[...path]/+server.ts(87,26): error TS2339: Property 'id' does not exist on type '{ name: string; role: "user" | "admin"; token?: string; }'.
src/routes/api/soliton/[...path]/+server.ts(120,33): error TS2339: Property 'id' does not exist on type '{ name: string; role: "user" | "admin"; token?: string; }'.
src/routes/api/soliton/[...path]/+server.ts(197,26): error TS2339: Property 'id' does not exist on type '{ name: string; role: "user" | "admin"; token?: string; }'.
src/routes/api/soliton/[...path]/+server.ts(217,33): error TS2339: Property 'id' does not exist on type '{ name: string; role: "user" | "admin"; token?: string; }'.
src/routes/api/soliton/[...path]/+server.ts(329,35): error TS2339: Property 'id' does not exist on type '{ name: string; role: "user" | "admin"; token?: string; }'.
src/routes/api/soliton/[...path]/+server.ts(384,35): error TS2339: Property 'id' does not exist on type '{ name: string; role: "user" | "admin"; token?: string; }'.
